2025-09-13 02:59:04,219 - INFO - Отправляем запрос: Три дня дождя
2025-09-13 02:59:05,824 - INFO - response: https://search.brave.com/search?q=%D0%A2%D1%80%D0%B8+%D0%B4%D0%BD%D1%8F+%D0%B4%D0%BE%D0%B6%D0%B4%D1%8F&source=web 200
2025-09-13 02:59:06,027 - INFO - response: https://ru.wikipedia.org/w/api.php?action=opensearch&profile=fuzzy&limit=1&search=%D0%A2%D1%80%D0%B8%20%D0%B4%D0%BD%D1%8F%20%D0%B4%D0%BE%D0%B6%D0%B4%D1%8F 200
2025-09-13 02:59:06,941 - INFO - response: https://ru.wikipedia.org/w/api.php?action=query&format=json&prop=extracts&titles=%D0%A2%D1%80%D0%B8%20%D0%B4%D0%BD%D1%8F%20%D0%B4%D0%BE%D0%B6%D0%B4%D1%8F&explaintext=0&exintro=0&redirects=1 200
2025-09-13 02:59:08,954 - INFO - Получено 7 результатов для запроса: Три дня дождя
2025-09-13 03:04:08,496 - INFO - Отправляем SearXNG-запрос: Три дня дождя
2025-09-13 03:04:09,157 - ERROR - Ошибка SearXNG: Cannot connect to host searx.be:443 ssl:True [SSLCertVerificationError: (5, '[SSL: CERTIFICATE_VERIFY_FAILED] certificate verify failed: unable to get local issuer certificate (_ssl.c:1032)')]
2025-09-13 03:04:09,160 - WARNING - Ничего не найдено или ошибка
2025-09-13 03:10:15,744 - INFO - Отправляем SearXNG-запрос: Три дня дождя
2025-09-13 03:10:16,584 - ERROR - Ошибка HTTP: 403
2025-09-13 03:10:16,591 - WARNING - Ошибка с проверкой SSL, повторный запрос без проверки
2025-09-13 03:10:16,594 - INFO - Отправляем SearXNG-запрос: Три дня дождя
2025-09-13 03:10:17,523 - ERROR - Ошибка HTTP: 403
2025-09-13 03:10:17,526 - WARNING - Ничего не найдено или ошибка
2025-09-13 03:12:32,410 - INFO - Отправляем SearXNG-запрос: Три дня дождя
2025-09-13 03:12:33,176 - ERROR - Ошибка HTTP: 403
2025-09-13 03:12:33,183 - WARNING - Ошибка с проверкой SSL, повторный запрос без проверки
2025-09-13 03:12:33,185 - INFO - Отправляем SearXNG-запрос: Три дня дождя
2025-09-13 03:12:34,122 - ERROR - Ошибка HTTP: 403
2025-09-13 03:12:34,125 - WARNING - Ничего не найдено или ошибка
2025-09-13 03:13:19,925 - INFO - Отправляем SearXNG-запрос: Три дня дождя
2025-09-13 03:13:20,770 - ERROR - Ошибка HTTP: 403
2025-09-13 03:13:20,780 - WARNING - Ошибка с проверкой SSL, повторный запрос без проверки
2025-09-13 03:13:20,783 - INFO - Отправляем SearXNG-запрос: Три дня дождя
2025-09-13 03:13:21,518 - ERROR - Ошибка HTTP: 403
2025-09-13 03:13:21,522 - WARNING - Ничего не найдено или ошибка
